WORK=/var/folders/ls/mx6_bpvd04d50h2tsm6vg07m0000gn/T/go-build3335840796
mqtt_client_unified.go:4:2: package context is not in std (/usr/local/go/src/context)
mqtt_client_unified.go:5:2: package encoding/binary is not in std (/usr/local/go/src/encoding/binary)
mqtt_client_unified.go:6:2: package encoding/json is not in std (/usr/local/go/src/encoding/json)
mqtt_client_unified.go:7:2: package fmt is not in std (/usr/local/go/src/fmt)
../../go/pkg/mod/github.com/eclipse/paho.mqtt.golang@v1.5.1/client.go:26:2: package bytes is not in std (/usr/local/go/src/bytes)
../../go/pkg/mod/github.com/eclipse/paho.mqtt.golang@v1.5.1/router.go:22:2: package container/list is not in std (/usr/local/go/src/container/list)
../../go/pkg/mod/github.com/eclipse/paho.mqtt.golang@v1.5.1/netconn.go:23:2: package crypto/tls is not in std (/usr/local/go/src/crypto/tls)
../../go/pkg/mod/github.com/eclipse/paho.mqtt.golang@v1.5.1/client.go:28:2: package errors is not in std (/usr/local/go/src/errors)
../../go/pkg/mod/github.com/eclipse/paho.mqtt.golang@v1.5.1/packets/connack.go:22:2: package io is not in std (/usr/local/go/src/io)
../../go/pkg/mod/github.com/gorilla/websocket@v1.5.3/conn.go:8:2: package bufio is not in std (/usr/local/go/src/bufio)
../../go/pkg/mod/github.com/gorilla/websocket@v1.5.3/compression.go:8:2: package compress/flate is not in std (/usr/local/go/src/compress/flate)
../../go/pkg/mod/github.com/gorilla/websocket@v1.5.3/util.go:8:2: package crypto/rand is not in std (/usr/local/go/src/crypto/rand)
../../go/pkg/mod/github.com/gorilla/websocket@v1.5.3/util.go:9:2: package crypto/sha1 is not in std (/usr/local/go/src/crypto/sha1)
../../go/pkg/mod/github.com/gorilla/websocket@v1.5.3/proxy.go:9:2: package encoding/base64 is not in std (/usr/local/go/src/encoding/base64)
../../go/pkg/mod/github.com/gorilla/websocket@v1.5.3/client.go:14:2: package io/ioutil is not in std (/usr/local/go/src/io/ioutil)
../../go/pkg/mod/github.com/gorilla/websocket@v1.5.3/conn.go:13:2: package math/rand is not in std (/usr/local/go/src/math/rand)
../../go/pkg/mod/github.com/gorilla/websocket@v1.5.3/client.go:15:2: package net is not in std (/usr/local/go/src/net)
../../go/pkg/mod/github.com/gorilla/websocket@v1.5.3/client.go:16:2: package net/http is not in std (/usr/local/go/src/net/http)
../../go/pkg/mod/github.com/gorilla/websocket@v1.5.3/client.go:17:2: package net/http/httptrace is not in std (/usr/local/go/src/net/http/httptrace)
../../go/pkg/mod/github.com/gorilla/websocket@v1.5.3/client.go:18:2: package net/url is not in std (/usr/local/go/src/net/url)
../../go/pkg/mod/github.com/gorilla/websocket@v1.5.3/x_net_proxy.go:15:2: package os is not in std (/usr/local/go/src/os)
../../go/pkg/mod/github.com/gorilla/websocket@v1.5.3/conn.go:15:2: package strconv is not in std (/usr/local/go/src/strconv)
../../go/pkg/mod/github.com/gorilla/websocket@v1.5.3/client.go:19:2: package strings is not in std (/usr/local/go/src/strings)
../../go/pkg/mod/github.com/gorilla/websocket@v1.5.3/compression.go:12:2: package sync is not in std (/usr/local/go/src/sync)
../../go/pkg/mod/github.com/gorilla/websocket@v1.5.3/client.go:20:2: package time is not in std (/usr/local/go/src/time)
../../go/pkg/mod/github.com/gorilla/websocket@v1.5.3/conn.go:19:2: package unicode/utf8 is not in std (/usr/local/go/src/unicode/utf8)
../../go/pkg/mod/github.com/gorilla/websocket@v1.5.3/mask.go:10:8: package unsafe is not in std (/usr/local/go/src/unsafe)
../../go/pkg/mod/golang.org/x/net@v0.44.0/proxy/per_host.go:10:2: package net/netip is not in std (/usr/local/go/src/net/netip)
../../go/pkg/mod/github.com/eclipse/paho.mqtt.golang@v1.5.1/filestore.go:22:2: package io/fs is not in std (/usr/local/go/src/io/fs)
../../go/pkg/mod/github.com/eclipse/paho.mqtt.golang@v1.5.1/filestore.go:24:2: package path is not in std (/usr/local/go/src/path)
../../go/pkg/mod/github.com/eclipse/paho.mqtt.golang@v1.5.1/net.go:26:2: package reflect is not in std (/usr/local/go/src/reflect)
../../go/pkg/mod/github.com/eclipse/paho.mqtt.golang@v1.5.1/filestore.go:25:2: package sort is not in std (/usr/local/go/src/sort)
../../go/pkg/mod/github.com/eclipse/paho.mqtt.golang@v1.5.1/client.go:33:2: package sync/atomic is not in std (/usr/local/go/src/sync/atomic)
../../go/pkg/mod/github.com/google/gousb@v1.1.3/debug.go:23:2: package log is not in std (/usr/local/go/src/log)
../../go/pkg/mod/github.com/google/gousb@v1.1.3/transfer.go:20:2: package runtime is not in std (/usr/local/go/src/runtime)
package command-line-arguments
	imports github.com/google/gousb: cannot find package
package command-line-arguments
	imports github.com/google/gousb: package syscall is not in std (/usr/local/go/src/syscall)
mqtt_client_unified.go:9:2: package math is not in std (/usr/local/go/src/math)
mqtt_client_unified.go:11:2: package os/signal is not in std (/usr/local/go/src/os/signal)
